i is: 0, the x element value is: apple
i is: 0, the y element value is: apple corporation
